
> fantasy-war-room@1.0.0 test:core
> node tests/run.js

  Loading core.js … OK
  Loading league-skin.js … OK
  Loading player-value.js … OK
  Extracting computeWeightedDNA … OK

  Extracting buildEmpirePortfolioModel … OK


  normPos  ...........................
  league skin  ...
  calcRawPts  ...........
  calcPPG  ......
  getUserTier  ........
  canAccess (billing live: gating on by default)  ...
  canAccess (tier enforcement on)  ..............
  getPickValue (fallback values, no DHQ engine)  ..........
  projectPlayerValue  .............
  DHQ-weighted average age formula  ....
  computeWeightedDNA  .......
  buildEmpirePortfolioModel  .....

Sign-in session contract
...........
Weekly projection — Sleeper source of truth
..
  account surface (billing + legal requirements)  ..................

✓ 142 tests — 142 passed, 0 failed
