Download https://registry.npmjs.org/stripe/-/stripe-14.25.0.tgz
Download https://registry.npmjs.org/es-define-property/-/es-define-property-1.0.1.tgz
Download https://registry.npmjs.org/es-errors/-/es-errors-1.3.0.tgz
Download https://registry.npmjs.org/side-channel-list/-/side-channel-list-1.0.1.tgz
Download https://registry.npmjs.org/side-channel-map/-/side-channel-map-1.0.1.tgz
Download https://registry.npmjs.org/side-channel-weakmap/-/side-channel-weakmap-1.0.2.tgz
Download https://registry.npmjs.org/object-inspect/-/object-inspect-1.13.4.tgz
Download https://registry.npmjs.org/call-bound/-/call-bound-1.0.4.tgz
Download https://registry.npmjs.org/get-intrinsic/-/get-intrinsic-1.3.0.tgz
Download https://registry.npmjs.org/call-bind-apply-helpers/-/call-bind-apply-helpers-1.0.2.tgz
Download https://registry.npmjs.org/has-symbols/-/has-symbols-1.1.0.tgz
Download https://registry.npmjs.org/gopd/-/gopd-1.2.0.tgz
Download https://registry.npmjs.org/math-intrinsics/-/math-intrinsics-1.1.0.tgz
Download https://registry.npmjs.org/get-proto/-/get-proto-1.0.1.tgz
Download https://registry.npmjs.org/function-bind/-/function-bind-1.1.2.tgz
Download https://registry.npmjs.org/dunder-proto/-/dunder-proto-1.0.1.tgz
Check supabase/functions/admin-analytics-report/index.ts
Check supabase/functions/admin-audit-log/index.ts
Check supabase/functions/admin-billing-summary/index.ts
Check supabase/functions/admin-delete-user/index.ts
Check supabase/functions/admin-grant-pro/index.ts
Check supabase/functions/admin-list-users/index.ts
Check supabase/functions/admin-support-queue/index.ts
Check supabase/functions/ai-analyze/index.ts
Check supabase/functions/ai-feedback/index.ts
Check supabase/functions/feature-requests/index.ts
Check supabase/functions/fw-billing-portal/index.ts
Check supabase/functions/fw-change-password/index.ts
Check supabase/functions/fw-confirm-password-reset/index.ts
Check supabase/functions/fw-create-checkout/index.ts
Check supabase/functions/fw-delete-account/index.ts
Check supabase/functions/fw-oauth-sync/index.ts
Check supabase/functions/fw-profile/index.ts
Check supabase/functions/fw-refresh-session/index.ts
Check supabase/functions/fw-request-password-reset/index.ts
Check supabase/functions/fw-revenuecat-webhook/index.ts
Check supabase/functions/fw-signin/index.ts
Check supabase/functions/fw-signup/index.ts
Check supabase/functions/fw-stripe-webhook/index.ts
Check supabase/functions/get-session-token/index.ts
Check supabase/functions/mfl-proxy/index.ts
Check supabase/functions/nfl-depth-charts/index.ts
Check supabase/functions/nfl-scoreboard/index.ts
Check supabase/functions/ops-board-vault/index.ts
Check supabase/functions/ops-email-doctor/index.ts
Check supabase/functions/report-bug/index.ts
Check supabase/functions/set-password/index.ts
